  ╨Ю╨┐╤А╨╡╨┤╨╡╨╗╨╡╨╜╨╕╨╡ ╨┐╤А╨╛╨╡╨║╤В╨╛╨▓ ╨┤╨╗╤П ╨▓╨╛╤Б╤Б╤В╨░╨╜╨╛╨▓╨╗╨╡╨╜╨╕╤П...
D:\Source\DataGuard\Server.Auth.Tests\Server.Auth.Tests.csproj : warning NU1510: PackageReference Microsoft.Extensions.DependencyInjection will not be pruned. Consider removing this package from your dependencies, as it is likely unnecessary. [D:\Source\DataGuard\DataGuard.slnx]
D:\Source\DataGuard\Client.Engine\Client.Engine.csproj : warning NU1903: Package 'SQLitePCLRaw.lib.e_sqlite3' 2.1.11 has a known high severity vulnerability, https://github.com/advisories/GHSA-2m69-gcr7-jv3q [D:\Source\DataGuard\DataGuard.slnx]
D:\Source\DataGuard\Server.Auth.Tests\Server.Auth.Tests.csproj : warning NU1903: Package 'SQLitePCLRaw.lib.e_sqlite3' 2.1.11 has a known high severity vulnerability, https://github.com/advisories/GHSA-2m69-gcr7-jv3q [D:\Source\DataGuard\DataGuard.slnx]
D:\Source\DataGuard\Client.Engine.Tests\Client.Engine.Tests.csproj : warning NU1903: Package 'SQLitePCLRaw.lib.e_sqlite3' 2.1.11 has a known high severity vulnerability, https://github.com/advisories/GHSA-2m69-gcr7-jv3q [D:\Source\DataGuard\DataGuard.slnx]
D:\Source\DataGuard\Server.Storage.Tests\Server.Storage.Tests.csproj : warning NU1903: Package 'SQLitePCLRaw.lib.e_sqlite3' 2.1.11 has a known high severity vulnerability, https://github.com/advisories/GHSA-2m69-gcr7-jv3q [D:\Source\DataGuard\DataGuard.slnx]
D:\Source\DataGuard\Client.Auth\Client.Auth.csproj : warning NU1903: Package 'SQLitePCLRaw.lib.e_sqlite3' 2.1.11 has a known high severity vulnerability, https://github.com/advisories/GHSA-2m69-gcr7-jv3q [D:\Source\DataGuard\DataGuard.slnx]
D:\Source\DataGuard\Client.Manager\Client.Manager.csproj : warning NU1903: Package 'SQLitePCLRaw.lib.e_sqlite3' 2.1.11 has a known high severity vulnerability, https://github.com/advisories/GHSA-2m69-gcr7-jv3q [D:\Source\DataGuard\DataGuard.slnx]
D:\Source\DataGuard\Client.Auth\Client.Auth.csproj : warning NU1903: Package 'Tmds.DBus.Protocol' 0.20.0 has a known high severity vulnerability, https://github.com/advisories/GHSA-xrw6-gwf8-vvr9 [D:\Source\DataGuard\DataGuard.slnx]
D:\Source\DataGuard\Client.Manager\Client.Manager.csproj : warning NU1903: Package 'Tmds.DBus.Protocol' 0.20.0 has a known high severity vulnerability, https://github.com/advisories/GHSA-xrw6-gwf8-vvr9 [D:\Source\DataGuard\DataGuard.slnx]
D:\Source\DataGuard\Client.Auth.Tests\Client.Auth.Tests.csproj : warning NU1903: Package 'SQLitePCLRaw.lib.e_sqlite3' 2.1.11 has a known high severity vulnerability, https://github.com/advisories/GHSA-2m69-gcr7-jv3q [D:\Source\DataGuard\DataGuard.slnx]
D:\Source\DataGuard\Client.Auth.Tests\Client.Auth.Tests.csproj : warning NU1903: Package 'Tmds.DBus.Protocol' 0.20.0 has a known high severity vulnerability, https://github.com/advisories/GHSA-xrw6-gwf8-vvr9 [D:\Source\DataGuard\DataGuard.slnx]
  ╨Т╤Б╨╡ ╨┐╤А╨╛╨╡╨║╤В╤Л ╨╛╨▒╨╜╨╛╨▓╨╗╨╡╨╜╤Л ╨┤╨╗╤П ╨▓╨╛╤Б╤Б╤В╨░╨╜╨╛╨▓╨╗╨╡╨╜╨╕╤П.
D:\Source\DataGuard\Server.Storage.Tests\Server.Storage.Tests.csproj : warning NU1903: Package 'SQLitePCLRaw.lib.e_sqlite3' 2.1.11 has a known high severity vulnerability, https://github.com/advisories/GHSA-2m69-gcr7-jv3q
D:\Source\DataGuard\Client.Engine\Client.Engine.csproj : warning NU1903: Package 'SQLitePCLRaw.lib.e_sqlite3' 2.1.11 has a known high severity vulnerability, https://github.com/advisories/GHSA-2m69-gcr7-jv3q
D:\Source\DataGuard\Client.Auth\Client.Auth.csproj : warning NU1903: Package 'SQLitePCLRaw.lib.e_sqlite3' 2.1.11 has a known high severity vulnerability, https://github.com/advisories/GHSA-2m69-gcr7-jv3q
D:\Source\DataGuard\Client.Auth\Client.Auth.csproj : warning NU1903: Package 'Tmds.DBus.Protocol' 0.20.0 has a known high severity vulnerability, https://github.com/advisories/GHSA-xrw6-gwf8-vvr9
D:\Source\DataGuard\Server.Auth.Tests\Server.Auth.Tests.csproj : warning NU1510: PackageReference Microsoft.Extensions.DependencyInjection will not be pruned. Consider removing this package from your dependencies, as it is likely unnecessary.
D:\Source\DataGuard\Server.Auth.Tests\Server.Auth.Tests.csproj : warning NU1903: Package 'SQLitePCLRaw.lib.e_sqlite3' 2.1.11 has a known high severity vulnerability, https://github.com/advisories/GHSA-2m69-gcr7-jv3q
D:\Source\DataGuard\Client.Engine.Tests\Client.Engine.Tests.csproj : warning NU1903: Package 'SQLitePCLRaw.lib.e_sqlite3' 2.1.11 has a known high severity vulnerability, https://github.com/advisories/GHSA-2m69-gcr7-jv3q
D:\Source\DataGuard\Client.Manager\Client.Manager.csproj : warning NU1903: Package 'SQLitePCLRaw.lib.e_sqlite3' 2.1.11 has a known high severity vulnerability, https://github.com/advisories/GHSA-2m69-gcr7-jv3q
D:\Source\DataGuard\Client.Manager\Client.Manager.csproj : warning NU1903: Package 'Tmds.DBus.Protocol' 0.20.0 has a known high severity vulnerability, https://github.com/advisories/GHSA-xrw6-gwf8-vvr9
D:\Source\DataGuard\Client.Auth.Tests\Client.Auth.Tests.csproj : warning NU1903: Package 'SQLitePCLRaw.lib.e_sqlite3' 2.1.11 has a known high severity vulnerability, https://github.com/advisories/GHSA-2m69-gcr7-jv3q
D:\Source\DataGuard\Client.Auth.Tests\Client.Auth.Tests.csproj : warning NU1903: Package 'Tmds.DBus.Protocol' 0.20.0 has a known high severity vulnerability, https://github.com/advisories/GHSA-xrw6-gwf8-vvr9
  Contracts -> D:\Source\DataGuard\Contracts\bin\Debug\net10.0\Contracts.dll
  Common -> D:\Source\DataGuard\Common\bin\Debug\net10.0\Common.dll
  Common.Tests -> D:\Source\DataGuard\Common.Tests\bin\Debug\net10.0\Common.Tests.dll
  Server.Auth -> D:\Source\DataGuard\Server.Auth\bin\Debug\net10.0\Server.Auth.dll
  Server.Storage -> D:\Source\DataGuard\Server.Storage\bin\Debug\net10.0\Server.Storage.dll
  Client.Engine -> D:\Source\DataGuard\Client.Engine\bin\Debug\net10.0\Client.Engine.dll
  Client.Auth -> D:\Source\DataGuard\Client.Auth\bin\Debug\net10.0\Client.Auth.dll
  Server.Auth.Tests -> D:\Source\DataGuard\Server.Auth.Tests\bin\Debug\net10.0\Server.Auth.Tests.dll
  Client.Engine.Tests -> D:\Source\DataGuard\Client.Engine.Tests\bin\Debug\net10.0\Client.Engine.Tests.dll
  Server.Storage.Tests -> D:\Source\DataGuard\Server.Storage.Tests\bin\Debug\net10.0\Server.Storage.Tests.dll
  Client.Auth.Tests -> D:\Source\DataGuard\Client.Auth.Tests\bin\Debug\net10.0\Client.Auth.Tests.dll
  Client.Manager -> D:\Source\DataGuard\Client.Manager\bin\Debug\net10.0\Client.Manager.dll

╨б╨▒╨╛╤А╨║╨░ ╤Г╤Б╨┐╨╡╤И╨╜╨╛ ╨╖╨░╨▓╨╡╤А╤И╨╡╨╜╨░.

D:\Source\DataGuard\Server.Auth.Tests\Server.Auth.Tests.csproj : warning NU1510: PackageReference Microsoft.Extensions.DependencyInjection will not be pruned. Consider removing this package from your dependencies, as it is likely unnecessary. [D:\Source\DataGuard\DataGuard.slnx]
D:\Source\DataGuard\Client.Engine\Client.Engine.csproj : warning NU1903: Package 'SQLitePCLRaw.lib.e_sqlite3' 2.1.11 has a known high severity vulnerability, https://github.com/advisories/GHSA-2m69-gcr7-jv3q [D:\Source\DataGuard\DataGuard.slnx]
D:\Source\DataGuard\Server.Auth.Tests\Server.Auth.Tests.csproj : warning NU1903: Package 'SQLitePCLRaw.lib.e_sqlite3' 2.1.11 has a known high severity vulnerability, https://github.com/advisories/GHSA-2m69-gcr7-jv3q [D:\Source\DataGuard\DataGuard.slnx]
D:\Source\DataGuard\Client.Engine.Tests\Client.Engine.Tests.csproj : warning NU1903: Package 'SQLitePCLRaw.lib.e_sqlite3' 2.1.11 has a known high severity vulnerability, https://github.com/advisories/GHSA-2m69-gcr7-jv3q [D:\Source\DataGuard\DataGuard.slnx]
D:\Source\DataGuard\Server.Storage.Tests\Server.Storage.Tests.csproj : warning NU1903: Package 'SQLitePCLRaw.lib.e_sqlite3' 2.1.11 has a known high severity vulnerability, https://github.com/advisories/GHSA-2m69-gcr7-jv3q [D:\Source\DataGuard\DataGuard.slnx]
D:\Source\DataGuard\Client.Auth\Client.Auth.csproj : warning NU1903: Package 'SQLitePCLRaw.lib.e_sqlite3' 2.1.11 has a known high severity vulnerability, https://github.com/advisories/GHSA-2m69-gcr7-jv3q [D:\Source\DataGuard\DataGuard.slnx]
D:\Source\DataGuard\Client.Manager\Client.Manager.csproj : warning NU1903: Package 'SQLitePCLRaw.lib.e_sqlite3' 2.1.11 has a known high severity vulnerability, https://github.com/advisories/GHSA-2m69-gcr7-jv3q [D:\Source\DataGuard\DataGuard.slnx]
D:\Source\DataGuard\Client.Auth\Client.Auth.csproj : warning NU1903: Package 'Tmds.DBus.Protocol' 0.20.0 has a known high severity vulnerability, https://github.com/advisories/GHSA-xrw6-gwf8-vvr9 [D:\Source\DataGuard\DataGuard.slnx]
D:\Source\DataGuard\Client.Manager\Client.Manager.csproj : warning NU1903: Package 'Tmds.DBus.Protocol' 0.20.0 has a known high severity vulnerability, https://github.com/advisories/GHSA-xrw6-gwf8-vvr9 [D:\Source\DataGuard\DataGuard.slnx]
D:\Source\DataGuard\Client.Auth.Tests\Client.Auth.Tests.csproj : warning NU1903: Package 'SQLitePCLRaw.lib.e_sqlite3' 2.1.11 has a known high severity vulnerability, https://github.com/advisories/GHSA-2m69-gcr7-jv3q [D:\Source\DataGuard\DataGuard.slnx]
D:\Source\DataGuard\Client.Auth.Tests\Client.Auth.Tests.csproj : warning NU1903: Package 'Tmds.DBus.Protocol' 0.20.0 has a known high severity vulnerability, https://github.com/advisories/GHSA-xrw6-gwf8-vvr9 [D:\Source\DataGuard\DataGuard.slnx]
D:\Source\DataGuard\Server.Storage.Tests\Server.Storage.Tests.csproj : warning NU1903: Package 'SQLitePCLRaw.lib.e_sqlite3' 2.1.11 has a known high severity vulnerability, https://github.com/advisories/GHSA-2m69-gcr7-jv3q
D:\Source\DataGuard\Client.Engine\Client.Engine.csproj : warning NU1903: Package 'SQLitePCLRaw.lib.e_sqlite3' 2.1.11 has a known high severity vulnerability, https://github.com/advisories/GHSA-2m69-gcr7-jv3q
D:\Source\DataGuard\Client.Auth\Client.Auth.csproj : warning NU1903: Package 'SQLitePCLRaw.lib.e_sqlite3' 2.1.11 has a known high severity vulnerability, https://github.com/advisories/GHSA-2m69-gcr7-jv3q
D:\Source\DataGuard\Client.Auth\Client.Auth.csproj : warning NU1903: Package 'Tmds.DBus.Protocol' 0.20.0 has a known high severity vulnerability, https://github.com/advisories/GHSA-xrw6-gwf8-vvr9
D:\Source\DataGuard\Server.Auth.Tests\Server.Auth.Tests.csproj : warning NU1510: PackageReference Microsoft.Extensions.DependencyInjection will not be pruned. Consider removing this package from your dependencies, as it is likely unnecessary.
D:\Source\DataGuard\Server.Auth.Tests\Server.Auth.Tests.csproj : warning NU1903: Package 'SQLitePCLRaw.lib.e_sqlite3' 2.1.11 has a known high severity vulnerability, https://github.com/advisories/GHSA-2m69-gcr7-jv3q
D:\Source\DataGuard\Client.Engine.Tests\Client.Engine.Tests.csproj : warning NU1903: Package 'SQLitePCLRaw.lib.e_sqlite3' 2.1.11 has a known high severity vulnerability, https://github.com/advisories/GHSA-2m69-gcr7-jv3q
D:\Source\DataGuard\Client.Manager\Client.Manager.csproj : warning NU1903: Package 'SQLitePCLRaw.lib.e_sqlite3' 2.1.11 has a known high severity vulnerability, https://github.com/advisories/GHSA-2m69-gcr7-jv3q
D:\Source\DataGuard\Client.Manager\Client.Manager.csproj : warning NU1903: Package 'Tmds.DBus.Protocol' 0.20.0 has a known high severity vulnerability, https://github.com/advisories/GHSA-xrw6-gwf8-vvr9
D:\Source\DataGuard\Client.Auth.Tests\Client.Auth.Tests.csproj : warning NU1903: Package 'SQLitePCLRaw.lib.e_sqlite3' 2.1.11 has a known high severity vulnerability, https://github.com/advisories/GHSA-2m69-gcr7-jv3q
D:\Source\DataGuard\Client.Auth.Tests\Client.Auth.Tests.csproj : warning NU1903: Package 'Tmds.DBus.Protocol' 0.20.0 has a known high severity vulnerability, https://github.com/advisories/GHSA-xrw6-gwf8-vvr9
    ╨Я╤А╨╡╨┤╤Г╨┐╤А╨╡╨╢╨┤╨╡╨╜╨╕╨╣: 22
    ╨Ю╤И╨╕╨▒╨╛╨║: 0

╨Я╤А╨╛╤И╨╗╨╛ ╨▓╤А╨╡╨╝╨╡╨╜╨╕ 00:00:07.74
